core_cm4.h:1615:26:NVIC_GetPriorityGrouping	4	static
core_cm4.h:1698:22:NVIC_SetPriority	16	static
core_cm4.h:1745:26:NVIC_EncodePriority	40	static
core_cm4.h:1830:26:SysTick_Config	16	static
stm32l4xx_ll_bus.h:1102:22:LL_APB1_GRP1_EnableClock	24	static
stm32l4xx_ll_bus.h:1688:22:LL_APB2_GRP1_EnableClock	24	static
stm32l4xx_ll_cortex.h:259:22:LL_SYSTICK_SetClkSource	16	static
stm32l4xx_ll_cortex.h:298:22:LL_SYSTICK_DisableIT	4	static
stm32l4xx_ll_rcc.h:1997:22:LL_RCC_HSE_EnableBypass	4	static
stm32l4xx_ll_rcc.h:2017:22:LL_RCC_HSE_Enable	4	static
stm32l4xx_ll_rcc.h:2037:26:LL_RCC_HSE_IsReady	4	static
stm32l4xx_ll_rcc.h:2630:22:LL_RCC_SetSysClkSource	16	static
stm32l4xx_ll_rcc.h:2644:26:LL_RCC_GetSysClkSource	4	static
stm32l4xx_ll_rcc.h:2664:22:LL_RCC_SetAHBPrescaler	16	static
stm32l4xx_ll_rcc.h:2680:22:LL_RCC_SetAPB1Prescaler	16	static
stm32l4xx_ll_rcc.h:2696:22:LL_RCC_SetAPB2Prescaler	16	static
stm32l4xx_ll_rcc.h:2807:22:LL_RCC_ConfigMCO	16	static
stm32l4xx_ll_rcc.h:2901:22:LL_RCC_SetI2CClockSource	24	static
stm32l4xx_ll_rcc.h:3587:22:LL_RCC_PLL_Enable	4	static
stm32l4xx_ll_rcc.h:3608:26:LL_RCC_PLL_IsReady	4	static
stm32l4xx_ll_rcc.h:3654:22:LL_RCC_PLL_ConfigDomain_SYS	24	static
stm32l4xx_ll_rcc.h:4011:22:LL_RCC_PLL_EnableDomain_SYS	4	static
Periph_Init.c:5:6:SystemClock_Config	8	static
